vlgiitr NTM reference — associative recall
Config: N=128, M=20, controller=100, heads=1
Task: seq_width=6, seq_len=3, items=[2,6)
Training: 100000 iters, RMSprop lr=0.0001 alpha=0.95 momentum=0.9, clip=10
Seed: 42

Model parameters: 67,538

/Users/admin/code/idris-ml/bench/reference/vlgiitr/ntm/modules/head.py:71: UserWarning: Implicit dimension choice for softmax has been deprecated. Change the call to include dim=X as an argument.
  s = F.softmax(self.shift_weighting_fc(controller_state))
iter    500: loss=0.6962  bit_error=8.90  (60.9 it/s, 8s elapsed)
iter   1000: loss=0.6945  bit_error=9.09  (61.3 it/s, 16s elapsed)
iter   1500: loss=0.6925  bit_error=8.60  (60.8 it/s, 25s elapsed)
iter   2000: loss=0.6908  bit_error=8.36  (61.0 it/s, 33s elapsed)
iter   2500: loss=0.6854  bit_error=8.09  (61.0 it/s, 41s elapsed)
iter   3000: loss=0.6779  bit_error=7.69  (61.0 it/s, 49s elapsed)
iter   3500: loss=0.6718  bit_error=7.53  (61.1 it/s, 57s elapsed)
iter   4000: loss=0.6690  bit_error=7.46  (61.1 it/s, 65s elapsed)
iter   4500: loss=0.6630  bit_error=7.24  (61.0 it/s, 74s elapsed)
iter   5000: loss=0.6523  bit_error=7.00  (61.0 it/s, 82s elapsed)
iter   5500: loss=0.6406  bit_error=6.63  (61.2 it/s, 90s elapsed)
iter   6000: loss=0.6359  bit_error=6.65  (61.2 it/s, 98s elapsed)
iter   6500: loss=0.6248  bit_error=6.54  (61.3 it/s, 106s elapsed)
iter   7000: loss=0.6214  bit_error=6.29  (61.3 it/s, 114s elapsed)
iter   7500: loss=0.6176  bit_error=6.40  (61.2 it/s, 123s elapsed)
iter   8000: loss=0.5902  bit_error=5.96  (61.3 it/s, 131s elapsed)
iter   8500: loss=0.4986  bit_error=4.41  (61.3 it/s, 139s elapsed)
iter   9000: loss=0.2262  bit_error=1.14  (61.3 it/s, 147s elapsed)
iter   9500: loss=0.1044  bit_error=0.46  (61.3 it/s, 155s elapsed)
iter  10000: loss=0.0691  bit_error=0.31  (61.3 it/s, 163s elapsed)
iter  10500: loss=0.0555  bit_error=0.23  (61.3 it/s, 171s elapsed)
iter  11000: loss=0.0351  bit_error=0.13  (61.3 it/s, 179s elapsed)
iter  11500: loss=0.0457  bit_error=0.21  (61.3 it/s, 187s elapsed)
iter  12000: loss=0.0429  bit_error=0.15  (61.4 it/s, 196s elapsed)
iter  12500: loss=0.5246  bit_error=5.55  (61.4 it/s, 204s elapsed)
iter  13000: loss=0.6589  bit_error=6.95  (61.4 it/s, 212s elapsed)
iter  13500: loss=0.6263  bit_error=6.47  (61.4 it/s, 220s elapsed)
iter  14000: loss=0.5751  bit_error=5.65  (61.4 it/s, 228s elapsed)
iter  14500: loss=0.5701  bit_error=5.47  (61.4 it/s, 236s elapsed)
iter  15000: loss=0.4900  bit_error=4.30  (61.4 it/s, 244s elapsed)
iter  15500: loss=0.5215  bit_error=4.17  (61.4 it/s, 253s elapsed)
iter  16000: loss=0.3699  bit_error=2.38  (61.4 it/s, 261s elapsed)
iter  16500: loss=0.1829  bit_error=1.07  (61.4 it/s, 269s elapsed)
iter  17000: loss=0.1308  bit_error=0.71  (61.4 it/s, 277s elapsed)
iter  17500: loss=0.0510  bit_error=0.23  (61.4 it/s, 285s elapsed)
iter  18000: loss=0.0126  bit_error=0.06  (61.4 it/s, 293s elapsed)
iter  18500: loss=0.0398  bit_error=0.16  (61.4 it/s, 301s elapsed)
iter  19000: loss=0.0393  bit_error=0.13  (61.4 it/s, 310s elapsed)
iter  19500: loss=0.0534  bit_error=0.13  (61.4 it/s, 318s elapsed)
iter  20000: loss=0.0212  bit_error=0.10  (61.5 it/s, 325s elapsed)
iter  20500: loss=0.0134  bit_error=0.04  (61.5 it/s, 333s elapsed)
iter  21000: loss=0.0192  bit_error=0.04  (61.5 it/s, 342s elapsed)
iter  21500: loss=0.0274  bit_error=0.07  (61.5 it/s, 350s elapsed)
iter  22000: loss=0.0163  bit_error=0.08  (61.5 it/s, 358s elapsed)
iter  22500: loss=0.0001  bit_error=0.00  (61.5 it/s, 366s elapsed)
iter  23000: loss=0.1569  bit_error=0.80  (61.5 it/s, 374s elapsed)
iter  23500: loss=0.0196  bit_error=0.05  (61.5 it/s, 382s elapsed)
iter  24000: loss=0.0501  bit_error=0.13  (61.5 it/s, 390s elapsed)
iter  24500: loss=0.0388  bit_error=0.12  (61.5 it/s, 398s elapsed)
iter  25000: loss=0.0178  bit_error=0.06  (61.5 it/s, 407s elapsed)
iter  25500: loss=0.0473  bit_error=0.23  (61.5 it/s, 415s elapsed)
iter  26000: loss=0.0204  bit_error=0.11  (61.5 it/s, 423s elapsed)
iter  26500: loss=0.0354  bit_error=0.21  (61.5 it/s, 431s elapsed)
iter  27000: loss=0.0344  bit_error=0.11  (61.5 it/s, 439s elapsed)
iter  27500: loss=0.0105  bit_error=0.05  (61.5 it/s, 447s elapsed)
iter  28000: loss=0.2199  bit_error=1.33  (61.4 it/s, 456s elapsed)
iter  28500: loss=0.0091  bit_error=0.02  (61.4 it/s, 464s elapsed)
iter  29000: loss=0.0112  bit_error=0.06  (61.4 it/s, 472s elapsed)
iter  29500: loss=0.0320  bit_error=0.11  (61.4 it/s, 480s elapsed)
iter  30000: loss=0.0200  bit_error=0.09  (61.4 it/s, 488s elapsed)
iter  30500: loss=0.0279  bit_error=0.08  (61.4 it/s, 496s elapsed)
iter  31000: loss=0.0741  bit_error=0.22  (61.4 it/s, 505s elapsed)
iter  31500: loss=0.0305  bit_error=0.12  (61.5 it/s, 513s elapsed)
iter  32000: loss=0.0246  bit_error=0.09  (61.5 it/s, 521s elapsed)
iter  32500: loss=0.0277  bit_error=0.03  (61.5 it/s, 529s elapsed)
iter  33000: loss=0.0679  bit_error=0.10  (61.5 it/s, 537s elapsed)
iter  33500: loss=0.0143  bit_error=0.02  (61.5 it/s, 545s elapsed)
iter  34000: loss=0.0135  bit_error=0.02  (61.4 it/s, 553s elapsed)
iter  34500: loss=0.8602  bit_error=5.15  (61.4 it/s, 562s elapsed)
iter  35000: loss=0.6849  bit_error=7.48  (61.5 it/s, 570s elapsed)
iter  35500: loss=0.6840  bit_error=7.50  (61.4 it/s, 578s elapsed)
iter  36000: loss=0.6060  bit_error=6.02  (61.4 it/s, 586s elapsed)
iter  36500: loss=0.2631  bit_error=1.82  (61.5 it/s, 594s elapsed)
iter  37000: loss=0.0295  bit_error=0.13  (61.4 it/s, 602s elapsed)
iter  37500: loss=0.0084  bit_error=0.04  (61.4 it/s, 610s elapsed)
iter  38000: loss=0.0401  bit_error=0.07  (61.4 it/s, 618s elapsed)
iter  38500: loss=0.0456  bit_error=0.09  (61.4 it/s, 627s elapsed)
iter  39000: loss=0.0000  bit_error=0.00  (61.5 it/s, 634s elapsed)
iter  39500: loss=0.0282  bit_error=0.05  (61.5 it/s, 643s elapsed)
iter  40000: loss=0.0264  bit_error=0.06  (61.5 it/s, 651s elapsed)
iter  40500: loss=0.0570  bit_error=0.07  (61.5 it/s, 659s elapsed)
iter  41000: loss=0.0479  bit_error=0.06  (61.5 it/s, 667s elapsed)
iter  41500: loss=0.0257  bit_error=0.09  (61.5 it/s, 675s elapsed)
iter  42000: loss=0.0275  bit_error=0.04  (61.5 it/s, 683s elapsed)
iter  42500: loss=0.0025  bit_error=0.02  (61.5 it/s, 691s elapsed)
iter  43000: loss=0.0172  bit_error=0.05  (61.5 it/s, 699s elapsed)
iter  43500: loss=0.0000  bit_error=0.00  (61.5 it/s, 707s elapsed)
iter  44000: loss=0.0699  bit_error=0.09  (61.4 it/s, 716s elapsed)
iter  44500: loss=0.0761  bit_error=0.07  (61.4 it/s, 724s elapsed)
iter  45000: loss=0.0153  bit_error=0.02  (61.4 it/s, 733s elapsed)
iter  45500: loss=0.0000  bit_error=0.00  (61.4 it/s, 741s elapsed)
iter  46000: loss=0.0631  bit_error=0.03  (61.4 it/s, 749s elapsed)
iter  46500: loss=0.1209  bit_error=0.08  (61.4 it/s, 757s elapsed)
iter  47000: loss=0.0001  bit_error=0.00  (61.4 it/s, 765s elapsed)
iter  47500: loss=0.0925  bit_error=0.07  (61.4 it/s, 773s elapsed)
iter  48000: loss=0.0151  bit_error=0.06  (61.4 it/s, 781s elapsed)
iter  48500: loss=0.0078  bit_error=0.02  (61.4 it/s, 789s elapsed)
iter  49000: loss=0.0238  bit_error=0.05  (61.4 it/s, 798s elapsed)
iter  49500: loss=0.0000  bit_error=0.00  (61.4 it/s, 806s elapsed)
iter  50000: loss=0.0001  bit_error=0.00  (61.4 it/s, 814s elapsed)
iter  50500: loss=0.0903  bit_error=0.06  (61.4 it/s, 822s elapsed)
iter  51000: loss=0.2439  bit_error=0.12  (61.4 it/s, 830s elapsed)
iter  51500: loss=0.0866  bit_error=0.13  (61.4 it/s, 838s elapsed)
iter  52000: loss=0.0009  bit_error=0.01  (61.4 it/s, 846s elapsed)
iter  52500: loss=0.0057  bit_error=0.02  (61.4 it/s, 855s elapsed)
iter  53000: loss=0.0021  bit_error=0.01  (61.4 it/s, 863s elapsed)
iter  53500: loss=0.0174  bit_error=0.03  (61.4 it/s, 871s elapsed)
iter  54000: loss=0.0000  bit_error=0.00  (61.4 it/s, 879s elapsed)
iter  54500: loss=0.0307  bit_error=0.02  (61.4 it/s, 887s elapsed)
iter  55000: loss=0.0431  bit_error=0.04  (61.4 it/s, 895s elapsed)
iter  55500: loss=0.0323  bit_error=0.02  (61.4 it/s, 904s elapsed)
iter  56000: loss=0.0000  bit_error=0.00  (61.4 it/s, 912s elapsed)
iter  56500: loss=0.0002  bit_error=0.00  (61.4 it/s, 920s elapsed)
iter  57000: loss=0.0054  bit_error=0.01  (61.4 it/s, 928s elapsed)
iter  57500: loss=0.0046  bit_error=0.03  (61.4 it/s, 936s elapsed)
iter  58000: loss=0.0000  bit_error=0.00  (61.4 it/s, 944s elapsed)
iter  58500: loss=0.0000  bit_error=0.00  (61.4 it/s, 953s elapsed)
iter  59000: loss=0.0631  bit_error=0.05  (61.4 it/s, 961s elapsed)
iter  59500: loss=0.0489  bit_error=0.01  (61.4 it/s, 969s elapsed)
iter  60000: loss=0.0000  bit_error=0.00  (61.4 it/s, 977s elapsed)
iter  60500: loss=0.0322  bit_error=0.01  (61.4 it/s, 985s elapsed)
iter  61000: loss=0.0671  bit_error=0.06  (61.4 it/s, 993s elapsed)
iter  61500: loss=0.0000  bit_error=0.00  (61.4 it/s, 1001s elapsed)
iter  62000: loss=0.0000  bit_error=0.00  (61.4 it/s, 1009s elapsed)
iter  62500: loss=0.0000  bit_error=0.00  (61.4 it/s, 1018s elapsed)
iter  63000: loss=0.0000  bit_error=0.00  (61.4 it/s, 1026s elapsed)
iter  63500: loss=0.0000  bit_error=0.00  (61.4 it/s, 1034s elapsed)
iter  64000: loss=0.0000  bit_error=0.00  (61.4 it/s, 1042s elapsed)
iter  64500: loss=0.0000  bit_error=0.00  (61.4 it/s, 1050s elapsed)
iter  65000: loss=0.0000  bit_error=0.00  (61.4 it/s, 1058s elapsed)
iter  65500: loss=0.0000  bit_error=0.00  (61.4 it/s, 1066s elapsed)
iter  66000: loss=0.0367  bit_error=0.02  (61.4 it/s, 1074s elapsed)
iter  66500: loss=0.0938  bit_error=0.04  (61.4 it/s, 1082s elapsed)
iter  67000: loss=0.0000  bit_error=0.00  (61.4 it/s, 1090s elapsed)
iter  67500: loss=0.0057  bit_error=0.01  (61.4 it/s, 1099s elapsed)
iter  68000: loss=0.0000  bit_error=0.00  (61.5 it/s, 1107s elapsed)
iter  68500: loss=0.0000  bit_error=0.00  (61.5 it/s, 1115s elapsed)
iter  69000: loss=0.0304  bit_error=0.02  (61.5 it/s, 1123s elapsed)
iter  69500: loss=0.1383  bit_error=0.05  (61.5 it/s, 1131s elapsed)
iter  70000: loss=0.0032  bit_error=0.01  (61.5 it/s, 1139s elapsed)
iter  70500: loss=0.0116  bit_error=0.04  (61.5 it/s, 1147s elapsed)
iter  71000: loss=0.0273  bit_error=0.03  (61.5 it/s, 1155s elapsed)
iter  71500: loss=0.0000  bit_error=0.00  (61.5 it/s, 1163s elapsed)
iter  72000: loss=0.0016  bit_error=0.01  (61.5 it/s, 1171s elapsed)
iter  72500: loss=0.0000  bit_error=0.00  (61.5 it/s, 1179s elapsed)
iter  73000: loss=0.0030  bit_error=0.00  (61.5 it/s, 1187s elapsed)
iter  73500: loss=0.0000  bit_error=0.00  (61.5 it/s, 1195s elapsed)
iter  74000: loss=0.0000  bit_error=0.00  (61.5 it/s, 1203s elapsed)
iter  74500: loss=0.0000  bit_error=0.00  (61.5 it/s, 1212s elapsed)
iter  75000: loss=0.0000  bit_error=0.00  (61.5 it/s, 1220s elapsed)
iter  75500: loss=0.0000  bit_error=0.00  (61.5 it/s, 1228s elapsed)
iter  76000: loss=0.0000  bit_error=0.00  (61.5 it/s, 1236s elapsed)
iter  76500: loss=0.0374  bit_error=0.02  (61.5 it/s, 1244s elapsed)
iter  77000: loss=0.0000  bit_error=0.00  (61.5 it/s, 1252s elapsed)
iter  77500: loss=0.0040  bit_error=0.04  (61.5 it/s, 1260s elapsed)
iter  78000: loss=0.1035  bit_error=0.10  (61.5 it/s, 1268s elapsed)
iter  78500: loss=0.0735  bit_error=0.09  (61.5 it/s, 1276s elapsed)
iter  79000: loss=0.1061  bit_error=0.20  (61.5 it/s, 1284s elapsed)
iter  79500: loss=0.0035  bit_error=0.01  (61.5 it/s, 1293s elapsed)
iter  80000: loss=0.0174  bit_error=0.02  (61.5 it/s, 1301s elapsed)
iter  80500: loss=0.1690  bit_error=0.10  (61.5 it/s, 1309s elapsed)
iter  81000: loss=0.1159  bit_error=0.06  (61.5 it/s, 1317s elapsed)
iter  81500: loss=0.0003  bit_error=0.00  (61.5 it/s, 1325s elapsed)
iter  82000: loss=0.0000  bit_error=0.00  (61.5 it/s, 1333s elapsed)
iter  82500: loss=0.0000  bit_error=0.00  (61.5 it/s, 1342s elapsed)
iter  83000: loss=0.0000  bit_error=0.00  (61.5 it/s, 1350s elapsed)
iter  83500: loss=0.0000  bit_error=0.00  (61.5 it/s, 1358s elapsed)
iter  84000: loss=0.0000  bit_error=0.00  (61.5 it/s, 1366s elapsed)
iter  84500: loss=0.0075  bit_error=0.02  (61.5 it/s, 1374s elapsed)
iter  85000: loss=0.0000  bit_error=0.00  (61.5 it/s, 1382s elapsed)
iter  85500: loss=0.0000  bit_error=0.00  (61.5 it/s, 1390s elapsed)
iter  86000: loss=0.0000  bit_error=0.00  (61.5 it/s, 1399s elapsed)
iter  86500: loss=0.0000  bit_error=0.00  (61.5 it/s, 1407s elapsed)
iter  87000: loss=0.0000  bit_error=0.00  (61.5 it/s, 1415s elapsed)
iter  87500: loss=0.0000  bit_error=0.00  (61.5 it/s, 1423s elapsed)
iter  88000: loss=0.0000  bit_error=0.00  (61.5 it/s, 1431s elapsed)
iter  88500: loss=0.0635  bit_error=0.04  (61.5 it/s, 1439s elapsed)
iter  89000: loss=0.0000  bit_error=0.00  (61.5 it/s, 1447s elapsed)
iter  89500: loss=0.0000  bit_error=0.00  (61.5 it/s, 1455s elapsed)
iter  90000: loss=0.0000  bit_error=0.00  (61.5 it/s, 1464s elapsed)
iter  90500: loss=0.0334  bit_error=0.02  (61.5 it/s, 1472s elapsed)
iter  91000: loss=0.0000  bit_error=0.00  (61.5 it/s, 1480s elapsed)
iter  91500: loss=0.0418  bit_error=0.02  (61.5 it/s, 1488s elapsed)
iter  92000: loss=0.0000  bit_error=0.00  (61.5 it/s, 1496s elapsed)
iter  92500: loss=0.0000  bit_error=0.00  (61.5 it/s, 1504s elapsed)
iter  93000: loss=0.0000  bit_error=0.00  (61.5 it/s, 1512s elapsed)
iter  93500: loss=0.0000  bit_error=0.00  (61.5 it/s, 1520s elapsed)
iter  94000: loss=0.0000  bit_error=0.00  (61.5 it/s, 1529s elapsed)
iter  94500: loss=0.0000  bit_error=0.00  (61.5 it/s, 1537s elapsed)
iter  95000: loss=0.0362  bit_error=0.04  (61.5 it/s, 1545s elapsed)
iter  95500: loss=0.0124  bit_error=0.03  (61.5 it/s, 1553s elapsed)
iter  96000: loss=0.0000  bit_error=0.00  (61.5 it/s, 1561s elapsed)
iter  96500: loss=0.0000  bit_error=0.00  (61.5 it/s, 1569s elapsed)
iter  97000: loss=0.0000  bit_error=0.00  (61.5 it/s, 1578s elapsed)
iter  97500: loss=0.0000  bit_error=0.00  (61.5 it/s, 1586s elapsed)
iter  98000: loss=0.0000  bit_error=0.00  (61.5 it/s, 1594s elapsed)
iter  98500: loss=0.0000  bit_error=0.00  (61.5 it/s, 1602s elapsed)
iter  99000: loss=0.0000  bit_error=0.00  (61.5 it/s, 1610s elapsed)
iter  99500: loss=0.0000  bit_error=0.00  (61.5 it/s, 1618s elapsed)
iter 100000: loss=0.0000  bit_error=0.00  (61.5 it/s, 1626s elapsed)

Training complete in 1626s (27.1min)

Evaluation (10 trials each):
  2 items: 100.0%
  3 items: 100.0%
  4 items: 100.0%
  5 items: 100.0%
  6 items: 100.0%
